<html>
<body>
<pre>
<h1>礦ision Build Log</h1>
<h2>Project:</h2>
E:\四轴\大四轴\BEYOND科技飞控—2401控制\飞控程序\USER\STM32-DEMO.uvproj
Project File Date:  10/20/2014

<h2>Output:</h2>
Build target 'Target 1'
compiling main.c...
..\BSP\PARAM\Param.h(11): warning:  #1295-D: Deprecated declaration Rc_NRFreceive - give arg types
compiling CONTROL.c...
..\BSP\PARAM\Param.h(11): warning:  #1295-D: Deprecated declaration Rc_NRFreceive - give arg types
linking...
Program Size: Code=37052 RO-data=3868 RW-data=1148 ZI-data=1764  
FromELF: creating hex file...
"..\Output\STM32-DEMO.axf" - 0 Error(s), 2 Warning(s).
Load "..\\Output\\STM32-DEMO.AXF" 
* JLink Info: Device "STM32F103VE" selected (512 KB flash, 64 KB RAM).
Set JLink Project File to "E:\四轴\大四轴\BEYOND科技飞控—2401控制\飞控程序\USER\JLinkSettings.ini"
 
JLink info:
------------
DLL: V4.40c, compiled Jan 24 2012 09:30:33
Firmware: J-Link ARM-OB STM32 compiled Aug 22 2012 19:52:04
Hardware: V7.00
S/N : 20090928 
Feature(s) : RDI,FlashDL,FlashBP,JFlash,GDBFull 
 
* JLink Info: Found SWD-DP with ID 0x1BA01477
* JLink Info: TPIU fitted.
* JLink Info: ETM fitted.
* JLink Info:   FPUnit: 6 code (BP) slots and 2 literal slots
* JLink Info: Found Cortex-M3 r1p1, Little endian.
ROMTableAddr = 0xE00FF003
* JLink Info: Found SWD-DP with ID 0x1BA01477
* JLink Info: TPIU fitted.
* JLink Info: ETM fitted.
* JLink Info:   FPUnit: 6 code (BP) slots and 2 literal slots
* JLink Info: Found Cortex-M3 r1p1, Little endian.
 
Target info:
------------
Device: STM32F103VE
VTarget = 3.300V
State of Pins: 
TCK: 0, TDI: 1, TDO: 1, TMS: 0, TRES: 1, TRST: 1
Hardware-Breakpoints: 6
Software-Breakpoints: 8192
Watchpoints:          4
JTAG speed: 2000 kHz
 
Full Chip Erase Done.
Programming Done.
Verify OK.
* JLink Info: Found SWD-DP with ID 0x1BA01477
* JLink Info: TPIU fitted.
* JLink Info: ETM fitted.
* JLink Info:   FPUnit: 6 code (BP) slots and 2 literal slots
* JLink Info: Found Cortex-M3 r1p1, Little endian.
Application running ...
Build target 'Target 1'
compiling main.c...
..\BSP\PARAM\Param.h(11): warning:  #1295-D: Deprecated declaration Rc_NRFreceive - give arg types
main.c(2): error:  #7: unrecognized token
main.c(2): error:  #169: expected a declaration
main.c(2): error:  #7: unrecognized token
main.c(2): error:  #7: unrecognized token
main.c(2): error:  #7: unrecognized token
main.c(16): error:  #20: identifier "sentDateFlag" is undefined
compiling CONTROL.c...
..\BSP\PARAM\Param.h(11): warning:  #1295-D: Deprecated declaration Rc_NRFreceive - give arg types
Target not created
Build target 'Target 1'
compiling main.c...
..\BSP\PARAM\Param.h(11): warning:  #1295-D: Deprecated declaration Rc_NRFreceive - give arg types
main.c(2): error:  #7: unrecognized token
main.c(2): error:  #169: expected a declaration
main.c(2): error:  #7: unrecognized token
main.c(2): error:  #7: unrecognized token
main.c(2): error:  #7: unrecognized token
main.c(16): error:  #20: identifier "sentDateFlag" is undefined
Target not created
Build target 'Target 1'
compiling main.c...
..\BSP\PARAM\Param.h(11): warning:  #1295-D: Deprecated declaration Rc_NRFreceive - give arg types
linking...
Program Size: Code=37040 RO-data=3872 RW-data=1148 ZI-data=1764  
FromELF: creating hex file...
"..\Output\STM32-DEMO.axf" - 0 Error(s), 1 Warning(s).
Load "..\\Output\\STM32-DEMO.AXF" 
* JLink Info: Device "STM32F103VE" selected (512 KB flash, 64 KB RAM).
Set JLink Project File to "E:\四轴\大四轴\BEYOND科技飞控—2401控制\飞控程序\USER\JLinkSettings.ini"
 
JLink info:
------------
DLL: V4.40c, compiled Jan 24 2012 09:30:33
Firmware: J-Link ARM-OB STM32 compiled Aug 22 2012 19:52:04
Hardware: V7.00
S/N : 20090928 
Feature(s) : RDI,FlashDL,FlashBP,JFlash,GDBFull 
 
* JLink Info: Found SWD-DP with ID 0x1BA01477
* JLink Info: TPIU fitted.
* JLink Info: ETM fitted.
* JLink Info:   FPUnit: 6 code (BP) slots and 2 literal slots
* JLink Info: Found Cortex-M3 r1p1, Little endian.
ROMTableAddr = 0xE00FF003
* JLink Info: Found SWD-DP with ID 0x1BA01477
* JLink Info: TPIU fitted.
* JLink Info: ETM fitted.
* JLink Info:   FPUnit: 6 code (BP) slots and 2 literal slots
* JLink Info: Found Cortex-M3 r1p1, Little endian.
 
Target info:
------------
Device: STM32F103VE
VTarget = 3.300V
State of Pins: 
TCK: 0, TDI: 1, TDO: 1, TMS: 0, TRES: 1, TRST: 1
Hardware-Breakpoints: 6
Software-Breakpoints: 8192
Watchpoints:          4
JTAG speed: 2000 kHz
 
Full Chip Erase Done.
Programming Done.
Verify OK.
* JLink Info: Found SWD-DP with ID 0x1BA01477
* JLink Info: TPIU fitted.
* JLink Info: ETM fitted.
* JLink Info:   FPUnit: 6 code (BP) slots and 2 literal slots
* JLink Info: Found Cortex-M3 r1p1, Little endian.
Application running ...
Build target 'Target 1'
compiling CONTROL.c...
..\BSP\PARAM\Param.h(11): warning:  #1295-D: Deprecated declaration Rc_NRFreceive - give arg types
linking...
Program Size: Code=37040 RO-data=3872 RW-data=1148 ZI-data=1764  
FromELF: creating hex file...
"..\Output\STM32-DEMO.axf" - 0 Error(s), 1 Warning(s).
Load "..\\Output\\STM32-DEMO.AXF" 
* JLink Info: Device "STM32F103VE" selected (512 KB flash, 64 KB RAM).
Set JLink Project File to "E:\四轴\大四轴\BEYOND科技飞控—2401控制\飞控程序\USER\JLinkSettings.ini"
 
JLink info:
------------
DLL: V4.40c, compiled Jan 24 2012 09:30:33
Firmware: J-Link ARM-OB STM32 compiled Aug 22 2012 19:52:04
Hardware: V7.00
S/N : 20090928 
Feature(s) : RDI,FlashDL,FlashBP,JFlash,GDBFull 
 
* JLink Info: Found SWD-DP with ID 0x1BA01477
* JLink Info: TPIU fitted.
* JLink Info: ETM fitted.
* JLink Info:   FPUnit: 6 code (BP) slots and 2 literal slots
* JLink Info: Found Cortex-M3 r1p1, Little endian.
ROMTableAddr = 0xE00FF003
* JLink Info: Found SWD-DP with ID 0x1BA01477
* JLink Info: TPIU fitted.
* JLink Info: ETM fitted.
* JLink Info:   FPUnit: 6 code (BP) slots and 2 literal slots
* JLink Info: Found Cortex-M3 r1p1, Little endian.
 
Target info:
------------
Device: STM32F103VE
VTarget = 3.300V
State of Pins: 
TCK: 0, TDI: 1, TDO: 1, TMS: 0, TRES: 1, TRST: 1
Hardware-Breakpoints: 6
Software-Breakpoints: 8192
Watchpoints:          4
JTAG speed: 2000 kHz
 
Full Chip Erase Done.
Programming Done.
Verify OK.
* JLink Info: Found SWD-DP with ID 0x1BA01477
* JLink Info: TPIU fitted.
* JLink Info: ETM fitted.
* JLink Info:   FPUnit: 6 code (BP) slots and 2 literal slots
* JLink Info: Found Cortex-M3 r1p1, Little endian.
Application running ...
